mysql> SELECT * FROM information_schema.FILES WHERE FILE_TYPE = 'UNDO LOG';
+------------+------------+-----------+-----------------+---------------+--------------+------------+--------------------+----------------------+--------+---------------+--------------+--------------+--------------+---------------+-------------+--------------+--------------+-----------------+---------------+------------------+------------------+--------------+---------------------+---------+------------+------------+----------------+-------------+-----------------+--------------+-----------+-------------+-------------+------------+----------+--------+-------+
| FILE_ID    | FILE_NAME  | FILE_TYPE | TABLESPACE_NAME | TABLE_CATALOG | TABLE_SCHEMA | TABLE_NAME | LOGFILE_GROUP_NAME | LOGFILE_GROUP_NUMBER | ENGINE | FULLTEXT_KEYS | DELETED_ROWS | UPDATE_COUNT | FREE_EXTENTS | TOTAL_EXTENTS | EXTENT_SIZE | INITIAL_SIZE | MAXIMUM_SIZE | AUTOEXTEND_SIZE | CREATION_TIME | LAST_UPDATE_TIME | LAST_ACCESS_TIME | RECOVER_TIME | TRANSACTION_COUNTER | VERSION | ROW_FORMAT | TABLE_ROWS | AVG_ROW_LENGTH | DATA_LENGTH | MAX_DATA_LENGTH | INDEX_LENGTH | DATA_FREE | CREATE_TIME | UPDATE_TIME | CHECK_TIME | CHECKSUM | STATUS | EXTRA |
+------------+------------+-----------+-----------------+---------------+--------------+------------+--------------------+----------------------+--------+---------------+--------------+--------------+--------------+---------------+-------------+--------------+--------------+-----------------+---------------+------------------+------------------+--------------+---------------------+---------+------------+------------+----------------+-------------+-----------------+--------------+-----------+-------------+-------------+------------+----------+--------+-------+
| 4294967279 | ./undo_001 | UNDO LOG  | innodb_undo_001 |               |         NULL |       NULL | NULL               |                 NULL | InnoDB |          NULL |         NULL |         NULL |            0 |            16 |     1048576 |     16777216 |         NULL |        16777216 |          NULL |             NULL |             NULL |         NULL |                NULL |    NULL | NULL       |       NULL |           NULL |        NULL |            NULL |         NULL |   8388608 |        NULL |        NULL |       NULL |     NULL | NORMAL | NULL  |
| 4294967278 | ./undo_002 | UNDO LOG  | innodb_undo_002 |               |         NULL |       NULL | NULL               |                 NULL | InnoDB |          NULL |         NULL |         NULL |            0 |            16 |     1048576 |     16777216 |         NULL |        16777216 |          NULL |             NULL |             NULL |         NULL |                NULL |    NULL | NULL       |       NULL |           NULL |        NULL |            NULL |         NULL |   8388608 |        NULL |        NULL |       NULL |     NULL | NORMAL | NULL  |
+------------+------------+-----------+-----------------+---------------+--------------+------------+--------------------+----------------------+--------+---------------+--------------+--------------+--------------+---------------+-------------+--------------+--------------+-----------------+---------------+------------------+------------------+--------------+---------------------+---------+------------+------------+----------------+-------------+-----------------+--------------+-----------+-------------+-------------+------------+----------+--------+-------+
2 rows in set (0.00 sec)

mysql> notee
mysql> show databases;
+--------------------+
| Database           |
+--------------------+
| information_schema |
| mysql              |
| performance_schema |
| sys                |
+--------------------+
4 rows in set (0.00 sec)

mysql> create table test;
ERROR 1046 (3D000): No database selected
mysql> create CREATE TABLE test (table test;
ERROR 1064 (42000): You have an error in your SQL syntax; check the manual that corresponds to your MySQL server version for the right syntax to use near 'CREATE TABLE test (table test' at line 1
mysql>     id INT,
    ->     name VARCHAR(50),
    ->     age INT
    -> );
ERROR 1064 (42000): You have an error in your SQL syntax; check the manual that corresponds to your MySQL server version for the right syntax to use near 'id INT,
    name VARCHAR(50),
    age INT
)' at line 1
mysql> ^C
mysql> ^C
mysql> CREATE TABLE test (
    ->     id INT PRIMARY KEY,
    ->     name VARCHAR(50) NOT NULL,
    ->     age INT
    -> );
ERROR 1046 (3D000): No database selected
mysql> create database test;
Query OK, 1 row affected (0.02 sec)

mysql> show databases;
+--------------------+
| Database           |
+--------------------+
| information_schema |
| mysql              |
| performance_schema |
| sys                |
| test               |
+--------------------+
5 rows in set (0.00 sec)

mysql> use test;
Database changed
mysql> CREATE TABLE test (     id INT PRIMARY KEY,     name VARCHAR(50) NOT NULL,     age INT );
Query OK, 0 rows affected (0.02 sec)

mysql> -- 插入第 1 条数据
mysql> INSERT INTO test (id, name, age) VALUES (1, 'Alice', 20);
Query OK, 1 row affected (0.02 sec)

mysql> -- 插入第 2 条数据
mysql> INSERT INTO test (id, name, age) VALUES (2, 'Bob', 21);
Query OK, 1 row affected (0.00 sec)

mysql> -- 插入第 3 条数据
mysql> INSERT INTO test (id, name, age) VALUES (3, 'Charlie', 22);
Query OK, 1 row affected (0.00 sec)

mysql> -- 插入第 4 条数据
mysql> INSERT INTO test (id, name, age) VALUES (4, 'David', 23);
Query OK, 1 row affected (0.00 sec)

mysql> -- 插入第 5 条数据
mysql> INSERT INTO test (id, name, age) VALUES (5, 'Eve', 24);
Query OK, 1 row affected (0.01 sec)

mysql> -- 插入第 6 条数据
mysql> INSERT INTO test (id, name, age) VALUES (6, 'Frank', 25);
Query OK, 1 row affected (0.00 sec)

mysql> -- 插入第 7 条数据
mysql> INSERT INTO test (id, name, age) VALUES (7, 'Grace', 26);
Query OK, 1 row affected (0.00 sec)

mysql> -- 插入第 8 条数据
mysql> INSERT INTO test (id, name, age) VALUES (8, 'Heidi', 27);
Query OK, 1 row affected (0.00 sec)

mysql> -- 插入第 9 条数据
mysql> INSERT INTO test (id, name, age) VALUES (9, 'Ivan', 28);
Query OK, 1 row affected (0.00 sec)

mysql> -- 插入第 10 条数据
mysql> INSERT INTO test (id, name, age) VALUES (10, 'Judy', 29);
Query OK, 1 row affected (0.00 sec)

mysql> select * from test;
+----+---------+------+
| id | name    | age  |
+----+---------+------+
|  1 | Alice   |   20 |
|  2 | Bob     |   21 |
|  3 | Charlie |   22 |
|  4 | David   |   23 |
|  5 | Eve     |   24 |
|  6 | Frank   |   25 |
|  7 | Grace   |   26 |
|  8 | Heidi   |   27 |
|  9 | Ivan    |   28 |
| 10 | Judy    |   29 |
+----+---------+------+
10 rows in set (0.00 sec)

mysql> show tables;
+----------------+
| Tables_in_test |
+----------------+
| test           |
+----------------+
1 row in set (0.00 sec)

mysql> show database;
ERROR 1064 (42000): You have an error in your SQL syntax; check the manual that corresponds to your MySQL server version for the right syntax to use near 'database' at line 1
mysql> show databases;
+--------------------+
| Database           |
+--------------------+
| information_schema |
| mysql              |
| performance_schema |
| sys                |
| test               |
+--------------------+
5 rows in set (0.00 sec)

mysql> SELECT * FROM information_schema.FILES WHERE FILE_TYPE = 'UNDO LOG';
+------------+------------+-----------+-----------------+---------------+--------------+------------+--------------------+----------------------+--------+---------------+--------------+--------------+--------------+---------------+-------------+--------------+--------------+-----------------+---------------+------------------+------------------+--------------+---------------------+---------+------------+------------+----------------+-------------+-----------------+--------------+-----------+-------------+-------------+------------+----------+--------+-------+
| FILE_ID    | FILE_NAME  | FILE_TYPE | TABLESPACE_NAME | TABLE_CATALOG | TABLE_SCHEMA | TABLE_NAME | LOGFILE_GROUP_NAME | LOGFILE_GROUP_NUMBER | ENGINE | FULLTEXT_KEYS | DELETED_ROWS | UPDATE_COUNT | FREE_EXTENTS | TOTAL_EXTENTS | EXTENT_SIZE | INITIAL_SIZE | MAXIMUM_SIZE | AUTOEXTEND_SIZE | CREATION_TIME | LAST_UPDATE_TIME | LAST_ACCESS_TIME | RECOVER_TIME | TRANSACTION_COUNTER | VERSION | ROW_FORMAT | TABLE_ROWS | AVG_ROW_LENGTH | DATA_LENGTH | MAX_DATA_LENGTH | INDEX_LENGTH | DATA_FREE | CREATE_TIME | UPDATE_TIME | CHECK_TIME | CHECKSUM | STATUS | EXTRA |
+------------+------------+-----------+-----------------+---------------+--------------+------------+--------------------+----------------------+--------+---------------+--------------+--------------+--------------+---------------+-------------+--------------+--------------+-----------------+---------------+------------------+------------------+--------------+---------------------+---------+------------+------------+----------------+-------------+-----------------+--------------+-----------+-------------+-------------+------------+----------+--------+-------+
| 4294967279 | ./undo_001 | UNDO LOG  | innodb_undo_001 |               |         NULL |       NULL | NULL               |                 NULL | InnoDB |          NULL |         NULL |         NULL |            0 |            16 |     1048576 |     16777216 |         NULL |        16777216 |          NULL |             NULL |             NULL |         NULL |                NULL |    NULL | NULL       |       NULL |           NULL |        NULL |            NULL |         NULL |   8388608 |        NULL |        NULL |       NULL |     NULL | NORMAL | NULL  |
| 4294967278 | ./undo_002 | UNDO LOG  | innodb_undo_002 |               |         NULL |       NULL | NULL               |                 NULL | InnoDB |          NULL |         NULL |         NULL |            0 |            16 |     1048576 |     16777216 |         NULL |        16777216 |          NULL |             NULL |             NULL |         NULL |                NULL |    NULL | NULL       |       NULL |           NULL |        NULL |            NULL |         NULL |   8388608 |        NULL |        NULL |       NULL |     NULL | NORMAL | NULL  |
+------------+------------+-----------+-----------------+---------------+--------------+------------+--------------------+----------------------+--------+---------------+--------------+--------------+--------------+---------------+-------------+--------------+--------------+-----------------+---------------+------------------+------------------+--------------+---------------------+---------+------------+------------+----------------+-------------+-----------------+--------------+-----------+-------------+-------------+------------+----------+--------+-------+
2 rows in set (0.00 sec)

mysql> SELECT * FROM information_schema.FILES WHERE FILE_TYPE = 'UNDO LOG';
+------------+------------+-----------+-----------------+---------------+--------------+------------+--------------------+----------------------+--------+---------------+--------------+--------------+--------------+---------------+-------------+--------------+--------------+-----------------+---------------+------------------+------------------+--------------+---------------------+---------+------------+------------+----------------+-------------+-----------------+--------------+-----------+-------------+-------------+------------+----------+--------+-------+
| FILE_ID    | FILE_NAME  | FILE_TYPE | TABLESPACE_NAME | TABLE_CATALOG | TABLE_SCHEMA | TABLE_NAME | LOGFILE_GROUP_NAME | LOGFILE_GROUP_NUMBER | ENGINE | FULLTEXT_KEYS | DELETED_ROWS | UPDATE_COUNT | FREE_EXTENTS | TOTAL_EXTENTS | EXTENT_SIZE | INITIAL_SIZE | MAXIMUM_SIZE | AUTOEXTEND_SIZE | CREATION_TIME | LAST_UPDATE_TIME | LAST_ACCESS_TIME | RECOVER_TIME | TRANSACTION_COUNTER | VERSION | ROW_FORMAT | TABLE_ROWS | AVG_ROW_LENGTH | DATA_LENGTH | MAX_DATA_LENGTH | INDEX_LENGTH | DATA_FREE | CREATE_TIME | UPDATE_TIME | CHECK_TIME | CHECKSUM | STATUS | EXTRA |
+------------+------------+-----------+-----------------+---------------+--------------+------------+--------------------+----------------------+--------+---------------+--------------+--------------+--------------+---------------+-------------+--------------+--------------+-----------------+---------------+------------------+------------------+--------------+---------------------+---------+------------+------------+----------------+-------------+-----------------+--------------+-----------+-------------+-------------+------------+----------+--------+-------+
| 4294967279 | ./undo_001 | UNDO LOG  | innodb_undo_001 |               |         NULL |       NULL | NULL               |                 NULL | InnoDB |          NULL |         NULL |         NULL |            0 |            16 |     1048576 |     16777216 |         NULL |        16777216 |          NULL |             NULL |             NULL |         NULL |                NULL |    NULL | NULL       |       NULL |           NULL |        NULL |            NULL |         NULL |   8388608 |        NULL |        NULL |       NULL |     NULL | NORMAL | NULL  |
| 4294967278 | ./undo_002 | UNDO LOG  | innodb_undo_002 |               |         NULL |       NULL | NULL               |                 NULL | InnoDB |          NULL |         NULL |         NULL |            0 |            16 |     1048576 |     16777216 |         NULL |        16777216 |          NULL |             NULL |             NULL |         NULL |                NULL |    NULL | NULL       |       NULL |           NULL |        NULL |            NULL |         NULL |   8388608 |        NULL |        NULL |       NULL |     NULL | NORMAL | NULL  |
+------------+------------+-----------+-----------------+---------------+--------------+------------+--------------------+----------------------+--------+---------------+--------------+--------------+--------------+---------------+-------------+--------------+--------------+-----------------+---------------+------------------+------------------+--------------+---------------------+---------+------------+------------+----------------+-------------+-----------------+--------------+-----------+-------------+-------------+------------+----------+--------+-------+
2 rows in set (0.00 sec)

mysql> SELECT * FROM information_schema.INNODB_TRX;
Empty set (0.00 sec)

mysql> SELECT * FROM performance_schema.events_transactions_history WHERE trx_state = 'COMMITTED';
ERROR 1054 (42S22): Unknown column 'trx_state' in 'where clause'
mysql> SHOW ENGINE INNODB STATUS;
+--------+------+--------------------------------------------------------------------------------------------------------------------------------------------------------------------------------------------------------------------------------------------------------------------------------------------------------------------------------------------------------------------------------------------------------------------------------------------------------------------------------------------------------------------------------------------------------------------------------------------------------------------------------------------------------------------------------------------------------------------------------------------------------------------------------------------------------------------------------------------------------------------------------------------------------------------------------------------------------------------------------------------------------------------------------------------------------------------------------------------------------------------------------------------------------------------------------------------------------------------------------------------------------------------------------------------------------------------------------------------------------------------------------------------------------------------------------------------------------------------------------------------------------------------------------------------------------------------------------------------------------------------------------------------------------------------------------------------------------------------------------------------------------------------------------------------------------------------------------------------------------------------------------------------------------------------------------------------------------------------------------------------------------------------------------------------------------------------------------------------------------------------------------------------------------------------------------------------------------------------------------------------------------------------------------------------------------------------------------------------------------------------------------------------------------------------------------------------------------------------------------------------------------------------------------------------------------------------------------------------------------------------------------------------------------------------------------------------------------------------------------------------------------------------------------------------------------------------------------------------------------------------------------------------------------------------------------------------------------------------------------------------------------------------------------------------------------------------------------------------------------------------------------------------------------------------------------------------------------------------------------------------------------------------------------------------------------------------------------------------------------------------------------------------------------------------------------------------------------------------------------------------------------------------------------------------------------------------------------------------------------------------------------------------------------------------------------------------------------------------------------------------------------------------------------------------------------------------------------------------------------------------------------------------------------------------------------------------------------------------------------------------------------------------------------------------------------------------------------------------------------------------------------------------------------------------------------------------------------------------------------------------------------------------------------------------------------------------------------------------------------------------------------------------------------------------------------------------------------------------------------------------------------------------------------------------------------+
| Type   | Name | Status                                                                                                                                                                                                                                                                                                                                                                                                                                                                                                                                                                                                                                                                                                                                                                                                                                                                                                                                                                                                                                                           |
+--------+------+--------------------------------------------------------------------------------------------------------------------------------------------------------------------------------------------------------------------------------------------------------------------------------------------------------------------------------------------------------------------------------------------------------------------------------------------------------------------------------------------------------------------------------------------------------------------------------------------------------------------------------------------------------------------------------------------------------------------------------------------------------------------------------------------------------------------------------------------------------------------------------------------------------------------------------------------------------------------------------------------------------------------------------------------------------------------------------------------------------------------------------------------------------------------------------------------------------------------------------------------------------------------------------------------------------------------------------------------------------------------------------------------------------------------------------------------------------------------------------------------------------------------------------------------------------------------------------------------------------------------------------------------------------------------------------------------------------------------------------------------------------------------------------------------------------------------------------------------------------------------------------------------------------------------------------------------------------------------------------------------------------------------------------------------------------------------------------------------------------------------------------------------------------------------------------------------------------------------------------------------------------------------------------------------------------------------------------------------------------------------------------------------------------------------------------------------------------------------------------------------------------------------------------------------------------------------------------------------------------------------------------------------------------------------------------------------------------------------------------------------------------------------------------------------------------------------------------------------------------------------------------------------------------------------------------------------------------------------------------------------------------------------------------------------------------------------------------------------------------------------------------------------------------------------------------------------------------------------------------------------------------------------------------------------------------------------------------------------------------------------------------------------------------------------------------------------------------------------------------------------------------------------------------------------------------------------------------------------------------------------------------------------------------------------------------------------------------------------------------------------------------------------------------------------------------------------------------------------------------------------------------------------------------------------------------------------------------------------------------------------------------------------------------------------------------------------------------------------------------------------------------------------------------------------------------------------------------------------------------------------------------------------------------------------------------------------------------------------------------------------------------------------------------------------------------------------------------------------------------------------------------------------------------------------------------+
| InnoDB |      | 
=====================================
2025-03-11 18:13:11 127836625041088 INNODB MONITOR OUTPUT
=====================================
Per second averages calculated from the last 22 seconds
-----------------
BACKGROUND THREAD
-----------------
srv_master_thread loops: 6 srv_active, 0 srv_shutdown, 2221 srv_idle
srv_master_thread log flush and writes: 0
----------
SEMAPHORES
----------
OS WAIT ARRAY INFO: reservation count 10
OS WAIT ARRAY INFO: signal count 11
RW-shared spins 0, rounds 0, OS waits 0
RW-excl spins 0, rounds 0, OS waits 0
RW-sx spins 0, rounds 0, OS waits 0
Spin rounds per wait: 0.00 RW-shared, 0.00 RW-excl, 0.00 RW-sx
------------
TRANSACTIONS
------------
Trx id counter 2346
Purge done for trx's n:o < 2346 undo n:o < 0 state: running but idle
History list length 0
LIST OF TRANSACTIONS FOR EACH SESSION:
---TRANSACTION 409311576591576, not started
0 lock struct(s), heap size 1128, 0 row lock(s)
---TRANSACTION 409311576590768, not started
0 lock struct(s), heap size 1128, 0 row lock(s)
---TRANSACTION 409311576589960, not started
0 lock struct(s), heap size 1128, 0 row lock(s)
--------
FILE I/O
--------
I/O thread 0 state: waiting for completed aio requests (insert buffer thread)
I/O thread 1 state: waiting for completed aio requests (read thread)
I/O thread 2 state: waiting for completed aio requests (read thread)
I/O thread 3 state: waiting for completed aio requests (read thread)
I/O thread 4 state: waiting for completed aio requests (read thread)
I/O thread 5 state: waiting for completed aio requests (write thread)
I/O thread 6 state: waiting for completed aio requests (write thread)
I/O thread 7 state: waiting for completed aio requests (write thread)
I/O thread 8 state: waiting for completed aio requests (write thread)
Pending normal aio reads: [0, 0, 0, 0] , aio writes: [0, 0, 0, 0] ,
 ibuf aio reads:
Pending flushes (fsync) log: 0; buffer pool: 0
843 OS file reads, 478 OS file writes, 265 OS fsyncs
0.09 reads/s, 16384 avg bytes/read, 0.00 writes/s, 0.00 fsyncs/s
-------------------------------------
INSERT BUFFER AND ADAPTIVE HASH INDEX
-------------------------------------
Ibuf: size 1, free list len 0, seg size 2, 0 merges
merged operations:
 insert 0, delete mark 0, delete 0
discarded operations:
 insert 0, delete mark 0, delete 0
Hash table size 34679, node heap has 3 buffer(s)
Hash table size 34679, node heap has 0 buffer(s)
Hash table size 34679, node heap has 0 buffer(s)
Hash table size 34679, node heap has 1 buffer(s)
Hash table size 34679, node heap has 0 buffer(s)
Hash table size 34679, node heap has 0 buffer(s)
Hash table size 34679, node heap has 0 buffer(s)
Hash table size 34679, node heap has 0 buffer(s)
0.00 hash searches/s, 2.91 non-hash searches/s
---
LOG
---
Log sequence number          19461075
Log buffer assigned up to    19461075
Log buffer completed up to   19461075
Log written up to            19461075
Log flushed up to            19461075
Added dirty pages up to      19461075
Pages flushed up to          19461075
Last checkpoint at           19461075
Log minimum file id is       5
Log maximum file id is       5
93 log i/o's done, 0.00 log i/o's/second
----------------------
BUFFER POOL AND MEMORY
----------------------
Total large memory allocated 0
Dictionary memory allocated 508560
Buffer pool size   8191
Free buffers       7210
Database pages     977
Old database pages 378
Modified db pages  0
Pending reads      0
Pending writes: LRU 0, flush list 0, single page 0
Pages made young 1, not young 0
0.00 youngs/s, 0.00 non-youngs/s
Pages read 822, created 155, written 301
0.09 reads/s, 0.00 creates/s, 0.00 writes/s
Buffer pool hit rate 985 / 1000, young-making rate 0 / 1000 not 0 / 1000
Pages read ahead 0.00/s, evicted without access 0.00/s, Random read ahead 0.00/s
LRU len: 977, unzip_LRU len: 0
I/O sum[0]:cur[0], unzip sum[0]:cur[0]
--------------
ROW OPERATIONS
--------------
0 queries inside InnoDB, 0 queries in queue
0 read views open inside InnoDB
Process ID=107296, Main thread ID=127835987510976 , state=sleeping
Number of rows inserted 10, updated 0, deleted 0, read 10
0.00 inserts/s, 0.00 updates/s, 0.00 deletes/s, 0.00 reads/s
Number of system rows inserted 25, updated 343, deleted 8, read 5151
0.00 inserts/s, 0.00 updates/s, 0.00 deletes/s, 1.82 reads/s
----------------------------
END OF INNODB MONITOR OUTPUT
============================
 |
+--------+------+--------------------------------------------------------------------------------------------------------------------------------------------------------------------------------------------------------------------------------------------------------------------------------------------------------------------------------------------------------------------------------------------------------------------------------------------------------------------------------------------------------------------------------------------------------------------------------------------------------------------------------------------------------------------------------------------------------------------------------------------------------------------------------------------------------------------------------------------------------------------------------------------------------------------------------------------------------------------------------------------------------------------------------------------------------------------------------------------------------------------------------------------------------------------------------------------------------------------------------------------------------------------------------------------------------------------------------------------------------------------------------------------------------------------------------------------------------------------------------------------------------------------------------------------------------------------------------------------------------------------------------------------------------------------------------------------------------------------------------------------------------------------------------------------------------------------------------------------------------------------------------------------------------------------------------------------------------------------------------------------------------------------------------------------------------------------------------------------------------------------------------------------------------------------------------------------------------------------------------------------------------------------------------------------------------------------------------------------------------------------------------------------------------------------------------------------------------------------------------------------------------------------------------------------------------------------------------------------------------------------------------------------------------------------------------------------------------------------------------------------------------------------------------------------------------------------------------------------------------------------------------------------------------------------------------------------------------------------------------------------------------------------------------------------------------------------------------------------------------------------------------------------------------------------------------------------------------------------------------------------------------------------------------------------------------------------------------------------------------------------------------------------------------------------------------------------------------------------------------------------------------------------------------------------------------------------------------------------------------------------------------------------------------------------------------------------------------------------------------------------------------------------------------------------------------------------------------------------------------------------------------------------------------------------------------------------------------------------------------------------------------------------------------------------------------------------------------------------------------------------------------------------------------------------------------------------------------------------------------------------------------------------------------------------------------------------------------------------------------------------------------------------------------------------------------------------------------------------------------------------------------------------------------------------------------+
1 row in set (0.00 sec)

mysql> SELECT * FROM information_schema.FILES WHERE FILE_TYPE = 'UNDO LOG';
+------------+------------+-----------+-----------------+---------------+--------------+------------+--------------------+----------------------+--------+---------------+--------------+--------------+--------------+---------------+-------------+--------------+--------------+-----------------+---------------+------------------+------------------+--------------+---------------------+---------+------------+------------+----------------+-------------+-----------------+--------------+-----------+-------------+-------------+------------+----------+--------+-------+
| FILE_ID    | FILE_NAME  | FILE_TYPE | TABLESPACE_NAME | TABLE_CATALOG | TABLE_SCHEMA | TABLE_NAME | LOGFILE_GROUP_NAME | LOGFILE_GROUP_NUMBER | ENGINE | FULLTEXT_KEYS | DELETED_ROWS | UPDATE_COUNT | FREE_EXTENTS | TOTAL_EXTENTS | EXTENT_SIZE | INITIAL_SIZE | MAXIMUM_SIZE | AUTOEXTEND_SIZE | CREATION_TIME | LAST_UPDATE_TIME | LAST_ACCESS_TIME | RECOVER_TIME | TRANSACTION_COUNTER | VERSION | ROW_FORMAT | TABLE_ROWS | AVG_ROW_LENGTH | DATA_LENGTH | MAX_DATA_LENGTH | INDEX_LENGTH | DATA_FREE | CREATE_TIME | UPDATE_TIME | CHECK_TIME | CHECKSUM | STATUS | EXTRA |
+------------+------------+-----------+-----------------+---------------+--------------+------------+--------------------+----------------------+--------+---------------+--------------+--------------+--------------+---------------+-------------+--------------+--------------+-----------------+---------------+------------------+------------------+--------------+---------------------+---------+------------+------------+----------------+-------------+-----------------+--------------+-----------+-------------+-------------+------------+----------+--------+-------+
| 4294967279 | ./undo_001 | UNDO LOG  | innodb_undo_001 |               |         NULL |       NULL | NULL               |                 NULL | InnoDB |          NULL |         NULL |         NULL |            0 |            16 |     1048576 |     16777216 |         NULL |        16777216 |          NULL |             NULL |             NULL |         NULL |                NULL |    NULL | NULL       |       NULL |           NULL |        NULL |            NULL |         NULL |   8388608 |        NULL |        NULL |       NULL |     NULL | NORMAL | NULL  |
| 4294967278 | ./undo_002 | UNDO LOG  | innodb_undo_002 |               |         NULL |       NULL | NULL               |                 NULL | InnoDB |          NULL |         NULL |         NULL |            0 |            16 |     1048576 |     16777216 |         NULL |        16777216 |          NULL |             NULL |             NULL |         NULL |                NULL |    NULL | NULL       |       NULL |           NULL |        NULL |            NULL |         NULL |   8388608 |        NULL |        NULL |       NULL |     NULL | NORMAL | NULL  |
+------------+------------+-----------+-----------------+---------------+--------------+------------+--------------------+----------------------+--------+---------------+--------------+--------------+--------------+---------------+-------------+--------------+--------------+-----------------+---------------+------------------+------------------+--------------+---------------------+---------+------------+------------+----------------+-------------+-----------------+--------------+-----------+-------------+-------------+------------+----------+--------+-------+
2 rows in set (0.00 sec)

mysql> ^C
mysql> INSERT INTO test (id, name, age) VALUES (10, 'Judy', 29);
ERROR 1062 (23000): Duplicate entry '10' for key 'test.PRIMARY'
mysql> 
mysql> INSERT INTO test (id, name, age) VALUES (10, 'Judy', 29);
ERROR 1062 (23000): Duplicate entry '10' for key 'test.PRIMARY'
mysql> 
mysql> INSERT INTO test (id, name, age) VALUES (11, 'Jdy', 29);
Query OK, 1 row affected (0.02 sec)

mysql> SELECT * FROM information_schema.FILES WHERE FILE_TYPE = 'UNDO LOG';
+------------+------------+-----------+-----------------+---------------+--------------+------------+--------------------+----------------------+--------+---------------+--------------+--------------+--------------+---------------+-------------+--------------+--------------+-----------------+---------------+------------------+------------------+--------------+---------------------+---------+------------+------------+----------------+-------------+-----------------+--------------+-----------+-------------+-------------+------------+----------+--------+-------+
| FILE_ID    | FILE_NAME  | FILE_TYPE | TABLESPACE_NAME | TABLE_CATALOG | TABLE_SCHEMA | TABLE_NAME | LOGFILE_GROUP_NAME | LOGFILE_GROUP_NUMBER | ENGINE | FULLTEXT_KEYS | DELETED_ROWS | UPDATE_COUNT | FREE_EXTENTS | TOTAL_EXTENTS | EXTENT_SIZE | INITIAL_SIZE | MAXIMUM_SIZE | AUTOEXTEND_SIZE | CREATION_TIME | LAST_UPDATE_TIME | LAST_ACCESS_TIME | RECOVER_TIME | TRANSACTION_COUNTER | VERSION | ROW_FORMAT | TABLE_ROWS | AVG_ROW_LENGTH | DATA_LENGTH | MAX_DATA_LENGTH | INDEX_LENGTH | DATA_FREE | CREATE_TIME | UPDATE_TIME | CHECK_TIME | CHECKSUM | STATUS | EXTRA |
+------------+------------+-----------+-----------------+---------------+--------------+------------+--------------------+----------------------+--------+---------------+--------------+--------------+--------------+---------------+-------------+--------------+--------------+-----------------+---------------+------------------+------------------+--------------+---------------------+---------+------------+------------+----------------+-------------+-----------------+--------------+-----------+-------------+-------------+------------+----------+--------+-------+
| 4294967279 | ./undo_001 | UNDO LOG  | innodb_undo_001 |               |         NULL |       NULL | NULL               |                 NULL | InnoDB |          NULL |         NULL |         NULL |            0 |            16 |     1048576 |     16777216 |         NULL |        16777216 |          NULL |             NULL |             NULL |         NULL |                NULL |    NULL | NULL       |       NULL |           NULL |        NULL |            NULL |         NULL |   8388608 |        NULL |        NULL |       NULL |     NULL | NORMAL | NULL  |
| 4294967278 | ./undo_002 | UNDO LOG  | innodb_undo_002 |               |         NULL |       NULL | NULL               |                 NULL | InnoDB |          NULL |         NULL |         NULL |            0 |            16 |     1048576 |     16777216 |         NULL |        16777216 |          NULL |             NULL |             NULL |         NULL |                NULL |    NULL | NULL       |       NULL |           NULL |        NULL |            NULL |         NULL |   8388608 |        NULL |        NULL |       NULL |     NULL | NORMAL | NULL  |
+------------+------------+-----------+-----------------+---------------+--------------+------------+--------------------+----------------------+--------+---------------+--------------+--------------+--------------+---------------+-------------+--------------+--------------+-----------------+---------------+------------------+------------------+--------------+---------------------+---------+------------+------------+----------------+-------------+-----------------+--------------+-----------+-------------+-------------+------------+----------+--------+-------+
2 rows in set (0.00 sec)

mysql> SHOW VARIABLES
    -> LIKE 'transaction isolation';
Empty set (0.00 sec)

mysql> SHOW VARIABLES LIKE 'transaction isolation';
Empty set (0.00 sec)

mysql> SHOW VARIABLES LIKE 'transaction_isolation';
+-----------------------+-----------------+
| Variable_name         | Value           |
+-----------------------+-----------------+
| transaction_isolation | REPEATABLE-READ |
+-----------------------+-----------------+
1 row in set (0.00 sec)

mysql> SHOW VARIABLES LIKE 'transaction_isolation';
+-----------------------+-----------------+
| Variable_name         | Value           |
+-----------------------+-----------------+
| transaction_isolation | REPEATABLE-READ |
+-----------------------+-----------------+
1 row in set (0.00 sec)

mysql> Terminal close -- exit!
Aborted
